    Checking cfg-if v1.0.5
    Checking libc v0.2.189
    Checking libm v0.2.16
    Checking zerocopy v0.8.57
    Checking bytemuck v1.25.2
    Checking either v1.18.0
    Checking serde_core v1.0.229
    Checking crossbeam-utils v0.8.23
    Checking bitflags v2.13.2
    Checking memchr v2.8.3
    Checking crossbeam-epoch v0.9.21
    Checking crossbeam-deque v0.8.8
    Checking once_cell v1.21.4
    Checking rayon-core v1.13.0
    Checking getrandom v0.3.4
    Checking raw-cpuid v11.6.0
    Checking num-traits v0.2.19
    Checking rand_core v0.9.5
    Checking pulp-wasm-simd-flag v0.1.1
    Checking reborrow v0.5.5
    Checking dyn-stack v0.13.2
    Checking rayon v1.12.0
    Checking itoa v1.0.18
    Checking num-complex v0.4.6
    Checking zmij v1.0.23
    Checking aho-corasick v1.1.5
    Checking regex-syntax v0.8.11
    Checking serde v1.0.229
    Checking serde_json v1.0.151
    Checking pulp v0.22.3
    Checking equivalent v1.0.2
    Checking utf8parse v0.2.2
    Checking smallvec v1.16.1
    Checking anstyle-parse v1.0.0
    Checking anstyle-query v1.1.5
    Checking bit-vec v0.8.0
    Checking anstyle v1.0.14
    Checking is_terminal_polyfill v1.70.2
    Checking minimal-lexical v0.2.1
    Checking linux-raw-sys v0.12.1
    Checking colorchoice v1.0.5
    Checking anstream v1.0.0
    Checking nom v7.1.3
    Checking bit-set v0.8.0
    Checking rustix v1.1.5
    Checking castaway v0.2.4
    Checking regex-automata v0.4.18
    Checking getrandom v0.4.3
    Checking ppv-lite86 v0.2.21
    Checking itertools v0.14.0
    Checking rand_chacha v0.9.0
    Checking rand v0.9.5
    Checking strsim v0.11.1
    Checking rand_distr v0.5.1
    Checking scopeguard v1.2.0
    Checking unicode-segmentation v1.13.3
    Checking static_assertions v1.1.0
    Checking base64 v0.13.1
    Checking allocator-api2 v0.2.21
    Checking half v2.7.1
    Checking hashbrown v0.17.1
    Checking clap_lex v1.1.1
    Checking ryu v1.0.23
    Checking stable_deref_trait v1.2.1
    Checking fastrand v2.5.0
    Checking foldhash v0.2.0
    Checking ciborium-io v0.2.2
    Checking gemm-common v0.19.0
    Checking hashbrown v0.16.1
    Checking ciborium-ll v0.2.2
    Checking tempfile v3.27.0
    Checking compact_str v0.9.1
    Checking clap_builder v4.6.7
    Checking indexmap v2.14.2
    Checking gemm-f32 v0.19.0
    Checking gemm-c32 v0.19.0
    Checking gemm-f64 v0.19.0
    Checking gemm-f16 v0.19.0
    Checking gemm-c64 v0.19.0
    Checking macro_rules_attribute v0.2.3
    Checking spm_precompiled v0.1.4
    Checking regex v1.13.1
    Checking fancy-regex v0.17.0
    Checking rayon-cond v0.4.0
    Checking lock_api v0.4.14
    Checking monostate v0.1.18
    Checking thiserror v2.0.20
    Checking zerofrom v0.1.8
    Checking ahash v0.8.12
    Checking derive_builder v0.20.2
    Checking parking_lot_core v0.9.12
    Checking esaxx-rs v0.1.10
    Checking crc32fast v1.5.2
    Checking unicode-normalization-alignments v0.1.12
    Checking dary_heap v0.3.9
    Checking itertools v0.13.0
    Checking daachorse v3.0.3
    Checking log v0.4.34
    Checking unicode_categories v0.1.1
    Checking cast v0.3.0
    Checking same-file v1.0.6
    Checking typed-path v0.12.3
    Checking walkdir v2.5.0
    Checking clap v4.6.7
    Checking parking_lot v0.12.5
    Checking yoke v0.8.3
    Checking tokenizers v0.23.2
    Checking gemm v0.19.0
    Checking alloca v0.4.0
    Checking safetensors v0.8.0
    Checking ciborium v0.2.2
    Checking float8 v0.7.0
    Checking memmap2 v0.9.11
    Checking tinytemplate v1.2.1
    Checking page_size v0.6.0
    Checking num_cpus v1.17.0
    Checking anes v0.1.6
    Checking oorandom v11.1.5
    Checking byteorder v1.5.0
    Checking anyhow v1.0.104
    Checking criterion-plot v0.8.2
    Checking zip v8.6.0
    Checking criterion v0.8.2
    Checking candle-core v0.11.0 (/home/hosi/churin/.tools/candle/candle-core)
    Finished `release` profile [optimized] target(s) in 11.11s
